============================= test session starts =============================
platform win32 -- Python 3.14.0, pytest-9.0.1, pluggy-1.6.0 -- C:\Python314\python.exe
cachedir: .pytest_cache
hypothesis profile 'default'
rootdir: C:\Users\Legion\Documents\2026 cortex
plugins: anyio-4.12.0, Faker-38.2.0, hypothesis-6.148.7, locust-2.42.6, asyncio-1.3.0, cov-7.0.0, mock-3.12.0, timeout-2.4.0, xdist-3.8.0
asyncio: mode=Mode.STRICT, debug=False, asyncio_default_fixture_loop_scope=None, asyncio_default_test_loop_scope=function
collecting ... collected 0 items / 2 errors

=================================== ERRORS ====================================
________ ERROR collecting dashboard/backend/tests/test_api_metrics.py _________
..\..\AppData\Roaming\Python\Python314\site-packages\_pytest\python.py:507: in importtestmodule
    mod = import_path(
..\..\AppData\Roaming\Python\Python314\site-packages\_pytest\pathlib.py:587: in import_path
    importlib.import_module(module_name)
C:\Python314\Lib\importlib\__init__.py:88: in import_module
    return _bootstrap._gcd_import(name[level:], package, level)
           ^^^^^^^^^^^^^^^^^^^^^^^^^^^^^^^^^^^^^^^^^^^^^^^^^^^^
<frozen importlib._bootstrap>:1398: in _gcd_import
    ???
<frozen importlib._bootstrap>:1371: in _find_and_load
    ???
<frozen importlib._bootstrap>:1342: in _find_and_load_unlocked
    ???
<frozen importlib._bootstrap>:938: in _load_unlocked
    ???
..\..\AppData\Roaming\Python\Python314\site-packages\_pytest\assertion\rewrite.py:197: in exec_module
    exec(co, module.__dict__)
dashboard\backend\tests\test_api_metrics.py:17: in <module>
    from main import app
dashboard\backend\main.py:24: in <module>
    from skills import SkillRegistry, SkillLoader
skills\__init__.py:8: in <module>
    from .registry import SkillRegistry
E     File "C:\Users\Legion\Documents\2026 cortex\skills\registry.py", line 188
E       """
E   IndentationError: expected an indented block after function definition on line 187
________ ERROR collecting dashboard/backend/tests/test_api_projects.py ________
..\..\AppData\Roaming\Python\Python314\site-packages\_pytest\python.py:507: in importtestmodule
    mod = import_path(
..\..\AppData\Roaming\Python\Python314\site-packages\_pytest\pathlib.py:587: in import_path
    importlib.import_module(module_name)
C:\Python314\Lib\importlib\__init__.py:88: in import_module
    return _bootstrap._gcd_import(name[level:], package, level)
           ^^^^^^^^^^^^^^^^^^^^^^^^^^^^^^^^^^^^^^^^^^^^^^^^^^^^
<frozen importlib._bootstrap>:1398: in _gcd_import
    ???
<frozen importlib._bootstrap>:1371: in _find_and_load
    ???
<frozen importlib._bootstrap>:1342: in _find_and_load_unlocked
    ???
<frozen importlib._bootstrap>:938: in _load_unlocked
    ???
..\..\AppData\Roaming\Python\Python314\site-packages\_pytest\assertion\rewrite.py:197: in exec_module
    exec(co, module.__dict__)
dashboard\backend\tests\test_api_projects.py:16: in <module>
    from main import app
dashboard\backend\main.py:24: in <module>
    from skills import SkillRegistry, SkillLoader
skills\__init__.py:8: in <module>
    from .registry import SkillRegistry
E     File "C:\Users\Legion\Documents\2026 cortex\skills\registry.py", line 188
E       """
E   IndentationError: expected an indented block after function definition on line 187
============================== warnings summary ===============================
dashboard\backend\models.py:12
  C:\Users\Legion\Documents\2026 cortex\dashboard\backend\models.py:12: MovedIn20Warning: The ``declarative_base()`` function is now available as sqlalchemy.orm.declarative_base(). (deprecated since: 2.0) (Background on SQLAlchemy 2.0 at: https://sqlalche.me/e/b8d9)
    Base = declarative_base()

dashboard\backend\routers\projects.py:63
  C:\Users\Legion\Documents\2026 cortex\dashboard\backend\routers\projects.py:63: PydanticDeprecatedSince20: Support for class-based `config` is deprecated, use ConfigDict instead. Deprecated in Pydantic V2.0 to be removed in V3.0. See Pydantic V2 Migration Guide at https://errors.pydantic.dev/2.12/migration/
    class ProjectResponse(BaseModel):

dashboard\backend\routers\tasks.py:16
  C:\Users\Legion\Documents\2026 cortex\dashboard\backend\routers\tasks.py:16: PydanticDeprecatedSince20: Support for class-based `config` is deprecated, use ConfigDict instead. Deprecated in Pydantic V2.0 to be removed in V3.0. See Pydantic V2 Migration Guide at https://errors.pydantic.dev/2.12/migration/
    class TaskResponse(BaseModel):

dashboard\backend\routers\orchestration.py:52
  C:\Users\Legion\Documents\2026 cortex\dashboard\backend\routers\orchestration.py:52: PydanticDeprecatedSince20: Support for class-based `config` is deprecated, use ConfigDict instead. Deprecated in Pydantic V2.0 to be removed in V3.0. See Pydantic V2 Migration Guide at https://errors.pydantic.dev/2.12/migration/
    class ExecuteTaskRequest(BaseModel):

-- Docs: https://docs.pytest.org/en/stable/how-to/capture-warnings.html
=========================== short test summary info ===========================
ERROR dashboard/backend/tests/test_api_metrics.py
ERROR dashboard/backend/tests/test_api_projects.py
!!!!!!!!!!!!!!!!!!! Interrupted: 2 errors during collection !!!!!!!!!!!!!!!!!!!
======================== 4 warnings, 2 errors in 1.16s ========================
